// Jest Snapshot v1, https://goo.gl/fbAQLP

exports[`App component renders App 1`] = `
<DocumentFragment>
  <img
    alt="Triforce loading icon"
    src="https://thumbs.gfycat.com/DistantGrayFinwhale-max-1mb.gif"
  />
  ;
</DocumentFragment>
`;
